// Jest Snapshot v1, https://goo.gl/fbAQLP

exports[`renders list of items correctly 1`] = `
<ul>
  <li>
    
    0
  
  </li>
  <li>
    
    1
  
  </li>
  <li>
    
    2
  
  </li>
  <li>
    
    3
  
  </li>
  <li>
    
    4
  
  </li>
</ul>
`;
